git config --global user.name "GeeksforGeeks"
git config --global user.email "GFGexample@gmail.orgg"
git config --global user.password "1234321"
git config --global credential.helper store
git config --list --show-origin




Nikhil Solankhi@Scorpion MINGW64 ~ (master)
$ cd Documents/

Nikhil Solankhi@Scorpion MINGW64 ~/Documents (master)
$ ls
'ADS study material'/        MyDay19_JDBC.rar
'Advance Data Structures'/   Nikhil_code_studio/
'C Code'/                   'Rockstar Games'/
'Custom Office Templates'/   Softwares/
'Database Module'/          'Visual Studio 2022'/
 GitHub/                    'Web Technologies'/
'Java Core Code'/           'assignment java.rar'
'Java study material'/       blank-profile-picture-973460__480.webp
'My Music'@                 'cdac documents'/
'My Pictures'@               desktop.ini
'My Videos'@

Nikhil Solankhi@Scorpion MINGW64 ~/Documents (master)
$ cd GitHub/

Nikhil Solankhi@Scorpion MINGW64 ~/Documents/GitHub (master)
$ LS
BillingSystem

Nikhil Solankhi@Scorpion MINGW64 ~/Documents/GitHub (master)
$ LS
BillingSystem

Nikhil Solankhi@Scorpion MINGW64 ~/Documents/GitHub (master)
$ cd BillingSystem/

Nikhil Solankhi@Scorpion MINGW64 ~/Documents/GitHub/BillingSystem (master)
$ git init
Reinitialized existing Git repository in C:/Users/Nikhil Solankhi/Documents/GitHub/BillingSystem/.git/

Nikhil Solankhi@Scorpion MINGW64 ~/Documents/GitHub/BillingSystem (master)
$ git add .

Nikhil Solankhi@Scorpion MINGW64 ~/Documents/GitHub/BillingSystem (master)
$ git commit
hint: Waiting for your editor to close the file...       0 [sig] bash 800! sigpacket::process: Suppressing signal 18 to win32 process (pid 16728)
Aborting commit due to empty commit message.

Nikhil Solankhi@Scorpion MINGW64 ~/Documents/GitHub/BillingSystem (master)
$ git commit -m "first commit"
[master (root-commit) c50d682] first commit
 8 files changed, 419 insertions(+)
 create mode 100644 .classpath
 create mode 100644 .project
 create mode 100644 .settings/org.eclipse.core.resources.prefs
 create mode 100644 .settings/org.eclipse.jdt.core.prefs
 create mode 100644 bin/bill/pizza/PizzaBillingMain.class
 create mode 100644 bin/bill/pizzacl/PizzaBillingCL.class
 create mode 100644 src/bill/pizza/PizzaBillingMain.java
 create mode 100644 src/bill/pizzacl/PizzaBillingCL.java

Nikhil Solankhi@Scorpion MINGW64 ~/Documents/GitHub/BillingSystem (master)
$ git remote add origin https://github.com/nikhil-solankhi/Billing-System.git

Nikhil Solankhi@Scorpion MINGW64 ~/Documents/GitHub/BillingSystem (master)
$ git log
commit c50d68267fa20f67297d4ef715ff4bd03ad24e81 (HEAD -> master)
Author: nikhil-solankhi <117679715+nikhil-solankhi@users.noreply.github.com>
Date:   Mon Dec 19 15:13:44 2022 +0530

    first commit

Nikhil Solankhi@Scorpion MINGW64 ~/Documents/GitHub/BillingSystem (master)
$ git push
fatal: The current branch master has no upstream branch.
To push the current branch and set the remote as upstream, use

    git push --set-upstream origin master

To have this happen automatically for branches without a tracking
upstream, see 'push.autoSetupRemote' in 'git help config'.


Nikhil Solankhi@Scorpion MINGW64 ~/Documents/GitHub/BillingSystem (master)
$ git push --set-upstream origin master
Enumerating objects: 19, done.
Counting objects: 100% (19/19), done.
Delta compression using up to 16 threads
Compressing objects: 100% (14/14), done.
Writing objects: 100% (19/19), 8.55 KiB | 1.71 MiB/s, done.
Total 19 (delta 0), reused 0 (delta 0), pack-reused 0
remote:
remote: Create a pull request for 'master' on GitHub by visiting:
remote:      https://github.com/nikhil-solankhi/Billing-System/pull/new/master
remote:
To https://github.com/nikhil-solankhi/Billing-System.git
 * [new branch]      master -> master
branch 'master' set up to track 'origin/master'.

Nikhil Solankhi@Scorpion MINGW64 ~/Documents/GitHub/BillingSystem (master)
$ git status
On branch master
Your branch is up to date with 'origin/master'.

nothing to commit, working tree clean

Nikhil Solankhi@Scorpion MINGW64 ~/Documents/GitHub/BillingSystem (master)
$ git checkout -d main
fatal: git checkout: --detach does not take a path argument 'main'

Nikhil Solankhi@Scorpion MINGW64 ~/Documents/GitHub/BillingSystem (master)
$ git  branch
* master

Nikhil Solankhi@Scorpion MINGW64 ~/Documents/GitHub/BillingSystem (master)
$ git pull main
fatal: 'main' does not appear to be a git repository
fatal: Could not read from remote repository.

Please make sure you have the correct access rights
and the repository exists.

Nikhil Solankhi@Scorpion MINGW64 ~/Documents/GitHub/BillingSystem (master)
$ git fetch
remote: Enumerating objects: 3, done.
remote: Counting objects: 100% (3/3), done.
remote: Total 3 (delta 0), reused 0 (delta 0), pack-reused 0
Unpacking objects: 100% (3/3), 606 bytes | 46.00 KiB/s, done.
From https://github.com/nikhil-solankhi/Billing-System
 * [new branch]      main       -> origin/main

Nikhil Solankhi@Scorpion MINGW64 ~/Documents/GitHub/BillingSystem (master)
$ git checlout main
git: 'checlout' is not a git command. See 'git --help'.

The most similar command is
        checkout

Nikhil Solankhi@Scorpion MINGW64 ~/Documents/GitHub/BillingSystem (master)
$ git checkout main
Switched to a new branch 'main'
branch 'main' set up to track 'origin/main'.

Nikhil Solankhi@Scorpion MINGW64 ~/Documents/GitHub/BillingSystem (main)
$ git merge master\
> ^C

Nikhil Solankhi@Scorpion MINGW64 ~/Documents/GitHub/BillingSystem (main)
$ git merge master
fatal: refusing to merge unrelated histories

Nikhil Solankhi@Scorpion MINGW64 ~/Documents/GitHub/BillingSystem (main)
$ git merge master --allow-unrelated-histories
Merge made by the 'ort' strategy.
 .classpath                                 |  10 +
 .project                                   |  17 ++
 .settings/org.eclipse.core.resources.prefs |   2 +
 .settings/org.eclipse.jdt.core.prefs       |  14 ++
 bin/bill/pizza/PizzaBillingMain.class      | Bin 0 -> 7931 bytes
 bin/bill/pizzacl/PizzaBillingCL.class      | Bin 0 -> 1378 bytes
 src/bill/pizza/PizzaBillingMain.java       | 343 +++++++++++++++++++++++++++++
 src/bill/pizzacl/PizzaBillingCL.java       |  33 +++
 8 files changed, 419 insertions(+)
 create mode 100644 .classpath
 create mode 100644 .project
 create mode 100644 .settings/org.eclipse.core.resources.prefs
 create mode 100644 .settings/org.eclipse.jdt.core.prefs
 create mode 100644 bin/bill/pizza/PizzaBillingMain.class
 create mode 100644 bin/bill/pizzacl/PizzaBillingCL.class
 create mode 100644 src/bill/pizza/PizzaBillingMain.java
 create mode 100644 src/bill/pizzacl/PizzaBillingCL.java

Nikhil Solankhi@Scorpion MINGW64 ~/Documents/GitHub/BillingSystem (main)
$ git push
Enumerating objects: 4, done.
Counting objects: 100% (4/4), done.
Delta compression using up to 16 threads
Compressing objects: 100% (2/2), done.
Writing objects: 100% (2/2), 320 bytes | 320.00 KiB/s, done.
Total 2 (delta 1), reused 0 (delta 0), pack-reused 0
remote: Resolving deltas: 100% (1/1), completed with 1 local object.
To https://github.com/nikhil-solankhi/Billing-System.git
   0bd8ddc..d39721c  main -> main

Nikhil Solankhi@Scorpion MINGW64 ~/Documents/GitHub/BillingSystem (main)
$ git push --all
Everything up-to-date

Nikhil Solankhi@Scorpion MINGW64 ~/Documents/GitHub/BillingSystem (main)
$ git origin --delete master
git: 'origin' is not a git command. See 'git --help'.

Nikhil Solankhi@Scorpion MINGW64 ~/Documents/GitHub/BillingSystem (main)
$ git push origin --delete master
To https://github.com/nikhil-solankhi/Billing-System.git
 - [deleted]         master

Nikhil Solankhi@Scorpion MINGW64 ~/Documents/GitHub/BillingSystem (main)
$
